MO ButtonDebouncer NULL Src/ButtonDebouncer.v vlg43/_button_debouncer.bin 1466005061
MO LEDToggler_Top NULL Src/LEDToggler_Top.v vlg1F/_l_e_d_toggler___top.bin 1466005061
MO FreqDivider NULL Src/FreqDivider.v vlg5D/_freq_divider.bin 1466005061
MO ButtonDriver NULL Src/ButtonDriver.v vlg7C/_button_driver.bin 1466005061
